// Jest Snapshot v1, https://goo.gl/fbAQLP

exports[`login component 1`] = `ReactWrapper {}`;
